(agda2-status-action "")
(agda2-info-action "*Agda Version*" "Agda version 2.7.20250701" nil)
