(agda2-status-action "")
(agda2-info-action "*Type-checking*" "" nil)
(agda2-highlight-clear)
(agda2-status-action "")
(agda2-info-action "*All Goals*" "?0 : _1 Sort _0 [ at Issue2785.agda:7.7-8 ] _1 : _0 [ at Issue2785.agda:7.7-8 ]" nil)
((last . 1) . (agda2-goals-action '(0)))
(agda2-give-action 0 'no-paren)
(agda2-status-action "")
(agda2-info-action "*All Goals*" "Sort _0 [ at Issue2785.agda:7.7-8 ] _1 : _0 [ at Issue2785.agda:7.7-8 ] _4 : _1 [ at Issue2785.agda:8.7-24 ]" nil)
((last . 1) . (agda2-goals-action '()))
