(agda2-status-action "")
(agda2-info-action "*Type-checking*" "" nil)
(agda2-highlight-clear)
(agda2-status-action "")
(agda2-info-action "*All Goals*" "?0 : Set" nil)
((last . 1) . (agda2-goals-action '(0)))
(agda2-info-action "*Error*" "Issue3316.agda:17.5-9: error: [NotSupported] Not supported: declaring new names from an edit-time macro when checking that the expression unquote easy has type Set" nil)
((last . 3) . (agda2-maybe-goto '("Issue3316.agda" . 334)))
(agda2-highlight-load-and-delete-action)
(agda2-status-action "")
