(agda2-status-action "")
(agda2-info-action "*Type-checking*" "" nil)
(agda2-highlight-clear)
(agda2-status-action "")
(agda2-info-action "*All Goals*" "?0 : D → ⊥" nil)
((last . 1) . (agda2-goals-action '(0)))
(agda2-give-action 0 "(λ { (c ()) }) ?")
(agda2-status-action "")
(agda2-info-action "*All Goals*" "Sort _8 [ at Issue2807.agda:18.8-17 ] _9 : _8 [ at Issue2807.agda:18.8-17 ] _11 : _9 [ at Issue2807.agda:18.8-17 ] _13 : D → ⊥ [ at Issue2807.agda:18.8-24 ]" nil)
((last . 1) . (agda2-goals-action '(1)))
