(agda2-status-action "")
(agda2-info-action "*Type-checking*" "" nil)
(agda2-highlight-clear)
(agda2-status-action "")
(agda2-info-action "*All Goals*" "?0 : Set" nil)
((last . 1) . (agda2-goals-action '(0)))
(agda2-info-action "*Error*" "Issue1925.agda:2.8-9: error: [NotInScope] Not in scope: M at Issue1925.agda:2.8-9 when scope checking M" nil)
((last . 3) . (agda2-maybe-goto '("Issue1925.agda" . 19)))
(agda2-highlight-load-and-delete-action)
(agda2-status-action "")
