(agda2-status-action "")
(agda2-info-action "*Type-checking*" "" nil)
(agda2-highlight-clear)
(agda2-status-action "")
(agda2-info-action "*All Goals*" "?0 : A ?1 : _18 ?2 : A₁ ?3 : _36 Sort _17 [ at Issue1944-1-i.agda:34.1-6 ] _18 : _17 [ at Issue1944-1-i.agda:34.1-6 ] Sort _33 [ at Issue1944-1-i.agda:47.1-6 ] _34 : _33 [ at Issue1944-1-i.agda:47.1-6 ] Sort _35 [ at Issue1944-1-i.agda:47.11-16 ] _36 : _35 [ at Issue1944-1-i.agda:47.11-16 ] _39 : _34 [ at Issue1944-1-i.agda:47.9-16 ]" nil)
((last . 1) . (agda2-goals-action '(0 1 2 3)))
(agda2-status-action "")
(agda2-info-action "*Normal Form*" "a" nil)
(agda2-status-action "")
(agda2-info-action "*Normal Form*" "a" nil)
(agda2-status-action "")
(agda2-info-action "*Goal type etc.*" "Goal: A Have: A ———— Context ——————————————————————————————————————————————— a : A A : Set ———— Constraints ——————————————————————————————————————————— _46 := f ? :? _34 (blocked on _36)" nil)
(agda2-status-action "")
(agda2-info-action "*Normal Form*" "λ r₁ → f r₁" nil)
(agda2-status-action "")
(agda2-info-action "*Goal type etc.*" "Goal: _18 Have: (r₁ : R A) → A ———— Context ——————————————————————————————————————————————— a : A A : Set ———— Constraints ——————————————————————————————————————————— _46 := f ? :? _34 (blocked on _36)" nil)
(agda2-give-action 2 'no-paren)
(agda2-status-action "")
(agda2-info-action "*All Goals*" "?0 : A ?1 : _18 ?3 : _36 Sort _17 [ at Issue1944-1-i.agda:34.1-6 ] _18 : _17 [ at Issue1944-1-i.agda:34.1-6 ] Sort _33 [ at Issue1944-1-i.agda:47.1-6 ] _34 : _33 [ at Issue1944-1-i.agda:47.1-6 ] Sort _35 [ at Issue1944-1-i.agda:47.11-16 ] _36 : _35 [ at Issue1944-1-i.agda:47.11-16 ] _39 : _34 [ at Issue1944-1-i.agda:47.9-16 ]" nil)
((last . 1) . (agda2-goals-action '(0 1 3)))
(agda2-give-action 3 'no-paren)
(agda2-status-action "")
(agda2-info-action "*All Goals*" "?0 : A ?1 : _18 Sort _17 [ at Issue1944-1-i.agda:34.1-6 ] _18 : _17 [ at Issue1944-1-i.agda:34.1-6 ]" nil)
((last . 1) . (agda2-goals-action '(0 1)))
