(agda2-status-action "")
(agda2-info-action "*Type-checking*" "" nil)
(agda2-highlight-clear)
(agda2-status-action "")
(agda2-info-action "*All Goals*" "?0 : A ?1 : A ?2 : B ?1" nil)
((last . 1) . (agda2-goals-action '(0 1 2)))
(agda2-give-action 0 'no-paren)
(agda2-status-action "")
(agda2-info-action "*All Goals*" "?1 : A ?2 : B ?1" nil)
((last . 1) . (agda2-goals-action '(1 2)))
(agda2-give-action 2 'no-paren)
(agda2-status-action "")
(agda2-info-action "*All Goals*" "?1 : A" nil)
((last . 1) . (agda2-goals-action '(1)))
((last . 2) . (agda2-solveAll-action '(1 "a")))
((last . 1) . (agda2-goals-action '(1)))
(agda2-status-action "")
(agda2-info-action "*Type-checking*" "" nil)
(agda2-highlight-clear)
(agda2-status-action "")
(agda2-info-action "*All Goals*" "?0 : A ?1 : A ?2 : B ?1" nil)
((last . 1) . (agda2-goals-action '(0 1 2)))
(agda2-give-action 0 'no-paren)
(agda2-status-action "")
(agda2-info-action "*All Goals*" "?1 : A ?2 : B ?1" nil)
((last . 1) . (agda2-goals-action '(1 2)))
(agda2-give-action 2 'no-paren)
(agda2-status-action "")
(agda2-info-action "*All Goals*" "?1 : A" nil)
((last . 1) . (agda2-goals-action '(1)))
((last . 2) . (agda2-solveAll-action '(1 "a")))
((last . 1) . (agda2-goals-action '(1)))
