(agda2-status-action "")
(agda2-info-action "*Type-checking*" "" nil)
(agda2-highlight-clear)
(agda2-info-action "*Error*" "Issue4516.agda:1.8-11: error: [ModuleNameDoesntMatchFileName] The name `Set` of the top level module does not match the file name. A such named module should be defined in one of the following files: Set.AGDA agda-default-include-path/Set.AGDA where .AGDA denotes a legal extension for an Agda file (i.e., one of .agda .lagda .lagda.rst .lagda.tex .lagda.md .lagda.org .lagda.tree .lagda.typ)" nil)
((last . 3) . (agda2-maybe-goto '("Issue4516.agda" . 8)))
(agda2-info-action "*Error*" "/non-existent-directory-used-for-Issue4516: openTempFile: does not exist (No such file or directory)" nil)
(agda2-highlight-add-annotations 'nil)
(agda2-status-action "")
